Microsoft (R) Macro Assembler Version 14.50.35723.0	    04/27/26 11:11:52
BrainrotGuesser.asm					     Page 1 - 1



				INCLUDE Irvine32.inc
			      C ; Include file for Irvine32.lib             (Irvine32.inc)
			      C 
			      C ;OPTION CASEMAP:NONE		; optional: make identifiers case-sensitive
			      C 
			      C INCLUDE SmallWin.inc		; MS-Windows prototypes, structures, and constants
			      C .NOLIST
			      C .LIST
			      C 
			      C INCLUDE VirtualKeys.inc
			      C ; VirtualKeys.inc
			      C .NOLIST
			      C .LIST
			      C 
			      C 
			      C .NOLIST
			      C .LIST
			      C 

 = 00000005			BOX_LEFT    EQU 5
 = 00000002			BOX_TOP     EQU 2
 = 00000032			BOX_WIDTH   EQU 50
 = 0000000E			BOX_HEIGHT  EQU 14

 = 00000007			INNER_LEFT  EQU BOX_LEFT  + 2       ; 7
 = 00000003			TITLE_ROW   EQU BOX_TOP   + 1       ; 3
 = 00000004			DIV1_ROW    EQU BOX_TOP   + 2       ; 4  (below title)
 = 00000005			WORD_ROW    EQU BOX_TOP   + 3       ; 5
 = 00000006			DIV2_ROW    EQU BOX_TOP   + 4       ; 6  (below word)
 = 00000007			LIVES_ROW   EQU BOX_TOP   + 5       ; 7
 = 00000008			DIV3_ROW    EQU BOX_TOP   + 6       ; 8  (below lives)
 = 00000009			INPUT_ROW   EQU BOX_TOP   + 7       ; 9
 = 0000000A			STATUS_ROW  EQU BOX_TOP   + 8       ; 10
 = 0000000B			DIV4_ROW    EQU BOX_TOP   + 9       ; 11  (divider below status)
 = 0000000C			USED_ROW    EQU BOX_TOP   + 10      ; 12  (used-letters display)
 = 0000000F			BOT_ROW     EQU BOX_TOP   + BOX_HEIGHT - 1   ; 15

 = 00000007			CLR_NORMAL  EQU 07h    ; gray
 = 0000000B			CLR_BORDER  EQU 0Bh    ; light cyan
 = 0000000E			CLR_TITLE   EQU 0Eh    ; yellow
 = 0000000E			CLR_PROMPT  EQU 0Eh    ; yellow
 = 0000000F			CLR_WORD    EQU 0Fh    ; bright white
 = 0000000C			CLR_LIVES   EQU 0Ch    ; light red  (hearts)
 = 00000008			CLR_DIMMED  EQU 08h    ; dark gray  (used lives)
 = 0000000A			CLR_HIT     EQU 0Ah    ; light green
 = 0000000C			CLR_MISS    EQU 0Ch    ; light red
 = 0000000A			CLR_WIN     EQU 0Ah    ; light green
 = 0000000C			CLR_LOSE    EQU 0Ch    ; light red
 = 0000000D			CLR_USED    EQU 0Dh    ; light magenta

 00000000			.data
 00000000 62 72 61 69 6E	    databaseName    BYTE "brainrot_database.txt", 0
	   72 6F 74 5F 64
	   61 74 61 62 61
	   73 65 2E 74 78
	   74 00
 00000016  00000100 [		    filename_copy   BYTE 256 DUP(0)          ; stored filename for LoadFileLine
	    00
	   ]
 00000116  00000400 [		    line_buffer     BYTE 1024 DUP(0)         ; holds one line (null‑terminated)
	    00
	   ]
 00000516  00001000 [		    file_buffer     BYTE 4096 DUP(0)         ; temporary read buffer
	    00
	   ]

				    ; variables used by LoadFileLine
 00001516 00000000		    target_line     DWORD ?                   ; requested line number
 0000151A 00000000		    current_line    DWORD ?                   ; line counter while reading
 0000151E 00			    is_copying      BYTE ?                     ; flag: 1 = copying target line

 0000151F 00000000		    file_handle       DWORD ?
 00001523 00000000		    bytes_read        DWORD ?


 00001527 47 75 65 73 73	    prompt_char   BYTE "Guess a letter. Attempts Left: ", 0
	   20 61 20 6C 65
	   74 74 65 72 2E
	   20 41 74 74 65
	   6D 70 74 73 20
	   4C 65 66 74 3A
	   20 00
 00001547 46 69 6E 61 6C	    prompt_final  BYTE "Final chance! Type the whole word: ", 0
	   20 63 68 61 6E
	   63 65 21 20 54
	   79 70 65 20 74
	   68 65 20 77 68
	   6F 6C 65 20 77
	   6F 72 64 3A 20
	   00
 0000156B 20 46 6F 75 6E	    msg_hit       BYTE " Found a match!", 13, 10, 0
	   64 20 61 20 6D
	   61 74 63 68 21
	   0D 0A 00
 0000157D 20 4E 6F 74 20	    msg_miss      BYTE " Not in the word.", 13, 10, 0
	   69 6E 20 74 68
	   65 20 77 6F 72
	   64 2E 0D 0A 00
 00001591 59 6F 75 20 67	    msg_win       BYTE "You got it! You win!", 13, 10, 0
	   6F 74 20 69 74
	   21 20 59 6F 75
	   20 77 69 6E 21
	   0D 0A 00
 000015A8 49 6E 63 6F 72	    msg_lose      BYTE "Incorrect. Game Over.", 13, 10, 0
	   72 65 63 74 2E
	   20 47 61 6D 65
	   20 4F 76 65 72
	   2E 0D 0A 00
 000015C0 54 68 65 20 63	    correct_word  BYTE "The correct brainrot was: ", 0
	   6F 72 72 65 63
	   74 20 62 72 61
	   69 6E 72 6F 74
	   20 77 61 73 3A
	   20 00
 000015DB 20 00			    space         BYTE  " ", 0
				    
 000015DD  00000400 [		    mask_buffer   BYTE 1024 DUP(0)  ; Holds underscores like "_ _ _ _"
	    00
	   ]
 000019DD  00000400 [		    user_input    BYTE 1024 DUP(0)  ; Holds the final word guess
	    00
	   ]
 00001DDD 00000005		    guesses_left  DWORD 5
 00001DE1  00000040 [		    used_letters  BYTE 64 DUP(0)
	    00
	   ]
 00001E21 00000000		    used_count    DWORD 0
 00001E25 00			    guessed_char  BYTE ?          ; temp save of the just-read character



 00001E26 20 20 20 3E 3E	    titleStr    BYTE "   >> BRAINROT GUESSER <<   ", 0
	   20 42 52 41 49
	   4E 52 4F 54 20
	   47 55 45 53 53
	   45 52 20 3C 3C
	   20 20 20 00
 00001E43 57 4F 52 44 3A	    wordLbl     BYTE "WORD:  ", 0
	   20 20 00
 00001E4B 4C 49 56 45 53	    livesLbl    BYTE "LIVES: ", 0
	   3A 20 00
 00001E53 47 75 65 73 73	    inputLbl    BYTE "Guess a letter: ", 0
	   20 61 20 6C 65
	   74 74 65 72 3A
	   20 00
 00001E64 46 69 6E 61 6C	    finalLbl    BYTE "Final guess - type the word: ", 0
	   20 67 75 65 73
	   73 20 2D 20 74
	   79 70 65 20 74
	   68 65 20 77 6F
	   72 64 3A 20 00
 00001E82 20 3E 3E 20 46	    hitMsg2     BYTE " >> Found it! No cap.        ", 0
	   6F 75 6E 64 20
	   69 74 21 20 4E
	   6F 20 63 61 70
	   2E 20 20 20 20
	   20 20 20 20 00
 00001EA0 20 3E 3E 20 4E	    missMsg2    BYTE " >> Not in the word. L ratio  ", 0
	   6F 74 20 69 6E
	   20 74 68 65 20
	   77 6F 72 64 2E
	   20 4C 20 72 61
	   74 69 6F 20 20
	   00
 00001EBF 20 20 59 4F 55	    winMsg2     BYTE "  YOU WIN! Sigma rizz achieved! ", 0
	   20 57 49 4E 21
	   20 53 69 67 6D
	   61 20 72 69 7A
	   7A 20 61 63 68
	   69 65 76 65 64
	   21 20 00
 00001EE0 20 20 47 41 4D	    loseMsg2    BYTE "  GAME OVER. You got cooked.    ", 0
	   45 20 4F 56 45
	   52 2E 20 59 6F
	   75 20 67 6F 74
	   20 63 6F 6F 6B
	   65 64 2E 20 20
	   20 20 00
 00001F01 20 20 54 68 65	    answerLbl   BYTE "  The brainrot was: ", 0
	   20 62 72 61 69
	   6E 72 6F 74 20
	   77 61 73 3A 20
	   00
 00001F16 20 20 20 20 20	    blankLine30 BYTE "                              ", 0   ; 30 spaces
	   20 20 20 20 20
	   20 20 20 20 20
	   20 20 20 20 20
	   20 20 20 20 20
	   20 20 20 20 20
	   00
 00001F35 55 53 45 44 3A	    usedLbl     BYTE "USED:  ", 0
	   20 20 00
 00001F3D 20 20 20 20 20	    blankLine46 BYTE "                                              ", 0  ; 46 spaces (clears USED row)
	   20 20 20 20 20
	   20 20 20 20 20
	   20 20 20 20 20
	   20 20 20 20 20
	   20 20 20 20 20
	   20 20 20 20 20
	   20 20 20 20 20
	   20 20 20 20 20
	   20 00
 00001F6C 20 3E 3E 20 41	    dupMsg2     BYTE " >> Already guessed! No attempt lost.", 0
	   6C 72 65 61 64
	   79 20 67 75 65
	   73 73 65 64 21
	   20 4E 6F 20 61
	   74 74 65 6D 70
	   74 20 6C 6F 73
	   74 2E 00

 00000000			.code

				SET_COLOR MACRO colorVal
				    mov eax, colorVal
				    call SetTextColor
				ENDM

				GOTO_XY MACRO col, row
				    mov dl, col
				    mov dh, row
				    call Gotoxy
				ENDM


 00000000			main PROC
 00000000  E8 00000000 E	    call Randomize              ; Seed the random generator

 00000005  E8 000003E8		    call GetRandomFileLine      ; Returns index in EAX
				    
 0000000A  E8 0000046D		    call LoadFileLine           ; EAX is already the input

 0000000F  E8 0000051B		    call PlayGuessingGame

				    exit
 00000014  6A 00	   *	    push   +000000000h
 00000016  E8 00000000 E   *	    call   ExitProcess
 0000001B			main ENDP

				OPENFILECREATE MACRO
				    INVOKE CreateFile, ADDR databaseName, GENERIC_READ, FILE_SHARE_READ, 0, OPEN_EXISTING, 0, 0
				ENDM

				OPENFILEREAD MACRO
				    INVOKE ReadFile, file_handle, ADDR file_buffer, 4096, ADDR bytes_read, 0
				ENDM

 0000001B			IsLetterUsed PROC
 0000001B  60			    pushad                      ; saves EAX (= the caller's AL in the low byte)
				 
				    ; Normalize the query char to uppercase if it is a letter
 0000001C  8A C8		    mov cl, al
 0000001E  80 F9 61		    cmp cl, 'a'
 00000021  72 08		    jb  ILU_Scan
 00000023  80 F9 7A		    cmp cl, 'z'
 00000026  77 03		    ja  ILU_Scan
 00000028  80 E1 DF		    and cl, 11011111b           ; uppercase
				 
 0000002B			    ILU_Scan:
 0000002B  BE 00001DE1 R	        mov esi, OFFSET used_letters
 00000030			    ILU_Loop:
 00000030  8A 06		        mov al, [esi]
 00000032  3C 00		        cmp al, 0
 00000034  74 0E		        je  ILU_NotFound
				        ; The stored chars are already normalized (AddUsedLetter normalizes letters)
 00000036  3A C1		        cmp al, cl
 00000038  74 03		        je  ILU_Found
 0000003A  46			        inc esi
 0000003B  EB F3		        jmp ILU_Loop
				    
 0000003D			    ILU_Found:
 0000003D  61			        popad
 0000003E  A9 00000000		        test eax, 0     ; ZF = 1
 00000043  C3			        ret
				    
 00000044			    ILU_NotFound:
 00000044  61			        popad
 00000045  83 C8 01		        or  eax, 1      ; ZF = 0
 00000048  C3			        ret
 00000049			IsLetterUsed ENDP

 00000049			AddUsedLetter PROC
 00000049  60			    pushad
 0000004A  8A C8		    mov cl, al
				 
				    ; Normalize letters only
 0000004C  80 F9 61		    cmp cl, 'a'
 0000004F  72 08		    jb  ALU_Store
 00000051  80 F9 7A		    cmp cl, 'z'
 00000054  77 03		    ja  ALU_Store
 00000056  80 E1 DF		    and cl, 11011111b
				 
 00000059			    ALU_Store:
 00000059  BF 00001DE1 R	        mov edi, OFFSET used_letters
 0000005E  03 3D 00001E21 R	        add edi, used_count         ; point past existing chars
 00000064  88 0F		        mov [edi], cl               ; store new char
 00000066  47			        inc edi
 00000067  C6 07 00		        mov BYTE PTR [edi], 0       ; keep null-terminated
 0000006A  FF 05 00001E21 R	        inc used_count
				    
 00000070  61			        popad
 00000071  C3			        ret
 00000072			AddUsedLetter ENDP

 00000072			DrawStatusUsed PROC
 00000072  60			    pushad
 00000073  E8 0000024A		    call ClearStatusLine
				    SET_COLOR CLR_USED
 00000078  B8 0000000D	     1	    mov eax, CLR_USED
 0000007D  E8 00000000 E     1	    call SetTextColor
				    GOTO_XY INNER_LEFT, STATUS_ROW
 00000082  B2 07	     1	    mov dl, INNER_LEFT
 00000084  B6 0A	     1	    mov dh, STATUS_ROW
 00000086  E8 00000000 E     1	    call Gotoxy
 0000008B  BA 00001F6C R	    mov edx, OFFSET dupMsg2
 00000090  E8 00000000 E	    call WriteString
 00000095  61			    popad
 00000096  C3			    ret
 00000097			DrawStatusUsed ENDP

 00000097			DrawUsedLine PROC
 00000097  60			    pushad
				 
				    ; Blank the row first so stale chars are cleared
				    SET_COLOR CLR_NORMAL
 00000098  B8 00000007	     1	    mov eax, CLR_NORMAL
 0000009D  E8 00000000 E     1	    call SetTextColor
				    GOTO_XY INNER_LEFT, USED_ROW
 000000A2  B2 07	     1	    mov dl, INNER_LEFT
 000000A4  B6 0C	     1	    mov dh, USED_ROW
 000000A6  E8 00000000 E     1	    call Gotoxy
 000000AB  BA 00001F3D R	    mov edx, OFFSET blankLine46
 000000B0  E8 00000000 E	    call WriteString
				 
				    ; Label
				    SET_COLOR CLR_PROMPT
 000000B5  B8 0000000E	     1	    mov eax, CLR_PROMPT
 000000BA  E8 00000000 E     1	    call SetTextColor
				    GOTO_XY INNER_LEFT, USED_ROW
 000000BF  B2 07	     1	    mov dl, INNER_LEFT
 000000C1  B6 0C	     1	    mov dh, USED_ROW
 000000C3  E8 00000000 E     1	    call Gotoxy
 000000C8  BA 00001F35 R	    mov edx, OFFSET usedLbl
 000000CD  E8 00000000 E	    call WriteString
				 
				    ; Letters (space-separated)
				    SET_COLOR CLR_WORD
 000000D2  B8 0000000F	     1	    mov eax, CLR_WORD
 000000D7  E8 00000000 E     1	    call SetTextColor
 000000DC  BE 00001DE1 R	    mov esi, OFFSET used_letters
 000000E1			    DUL_Loop:
 000000E1  8A 06		        mov al, [esi]
 000000E3  3C 00		        cmp al, 0
 000000E5  74 0F		        je  DUL_Done
 000000E7  E8 00000000 E	        call WriteChar
 000000EC  B0 20		        mov al, ' '
 000000EE  E8 00000000 E	        call WriteChar
 000000F3  46			        inc esi
 000000F4  EB EB		        jmp DUL_Loop
				    
 000000F6			    DUL_Done:
 000000F6  61			        popad
 000000F7  C3			        ret
 000000F8			DrawUsedLine ENDP

 000000F8			DrawBorder PROC
 000000F8  60			    pushad
 000000F9  E8 00000000 E	    call ClrScr
				    SET_COLOR CLR_BORDER
 000000FE  B8 0000000B	     1	    mov eax, CLR_BORDER
 00000103  E8 00000000 E     1	    call SetTextColor

				    ; ╔ top-left
				    GOTO_XY BOX_LEFT, BOX_TOP
 00000108  B2 05	     1	    mov dl, BOX_LEFT
 0000010A  B6 02	     1	    mov dh, BOX_TOP
 0000010C  E8 00000000 E     1	    call Gotoxy
 00000111  B0 C9		    mov al, 0C9h
 00000113  E8 00000000 E	    call WriteChar

				    ; top edge ══...══
 00000118  B2 06		    mov dl, BOX_LEFT + 1
 0000011A  B6 02		    mov dh, BOX_TOP
 0000011C  B9 00000030		    mov ecx, BOX_WIDTH - 2
 00000121			    DB_TopLoop:
 00000121  E8 00000000 E	        call Gotoxy
 00000126  B0 CD		        mov al, 0CDh
 00000128  E8 00000000 E	        call WriteChar
 0000012D  FE C2		        inc dl
 0000012F  E2 F0		        loop DB_TopLoop

				        ; ╗ top-right
 00000131  B2 36		        mov dl, BOX_LEFT + BOX_WIDTH - 1
 00000133  B6 02		        mov dh, BOX_TOP
 00000135  E8 00000000 E	        call Gotoxy
 0000013A  B0 BB		        mov al, 0BBh
 0000013C  E8 00000000 E	        call WriteChar

				        ; side walls ║ ... ║
 00000141  B6 03		        mov dh, BOX_TOP + 1
 00000143  B9 0000000C		        mov ecx, BOX_HEIGHT - 2
 00000148			    DB_SideLoop:
 00000148  B2 05		        mov dl, BOX_LEFT
 0000014A  E8 00000000 E	        call Gotoxy
 0000014F  B0 BA		        mov al, 0BAh
 00000151  E8 00000000 E	        call WriteChar
 00000156  B2 36		        mov dl, BOX_LEFT + BOX_WIDTH - 1
 00000158  E8 00000000 E	        call Gotoxy
 0000015D  B0 BA		        mov al, 0BAh
 0000015F  E8 00000000 E	        call WriteChar
 00000164  FE C6		        inc dh
 00000166  E2 E0		        loop DB_SideLoop

				        ; ╚ bottom-left
 00000168  B2 05		        mov dl, BOX_LEFT
 0000016A  B6 0F		        mov dh, BOT_ROW
 0000016C  E8 00000000 E	        call Gotoxy
 00000171  B0 C8		        mov al, 0C8h
 00000173  E8 00000000 E	        call WriteChar

				        ; bottom edge ══...══
 00000178  B2 06		        mov dl, BOX_LEFT + 1
 0000017A  B6 0F		        mov dh, BOT_ROW
 0000017C  B9 00000030		        mov ecx, BOX_WIDTH - 2
 00000181			    DB_BotLoop:
 00000181  E8 00000000 E	        call Gotoxy
 00000186  B0 CD		        mov al, 0CDh
 00000188  E8 00000000 E	        call WriteChar
 0000018D  FE C2		        inc dl
 0000018F  E2 F0		        loop DB_BotLoop

				        ; ╝ bottom-right
 00000191  B2 36		        mov dl, BOX_LEFT + BOX_WIDTH - 1
 00000193  B6 0F		        mov dh, BOT_ROW
 00000195  E8 00000000 E	        call Gotoxy
 0000019A  B0 BC		        mov al, 0BCh
 0000019C  E8 00000000 E	        call WriteChar

 000001A1  61			        popad
 000001A2  C3			        ret
 000001A3			DrawBorder ENDP

 000001A3			DrawHDivider PROC
 000001A3  60			    pushad
				    SET_COLOR CLR_BORDER
 000001A4  B8 0000000B	     1	    mov eax, CLR_BORDER
 000001A9  E8 00000000 E     1	    call SetTextColor

				    ; ╠ left junction
 000001AE  B2 05		    mov dl, BOX_LEFT
 000001B0  E8 00000000 E	    call Gotoxy
 000001B5  B0 CC		    mov al, 0CCh
 000001B7  E8 00000000 E	    call WriteChar

				    ; ═ fill
 000001BC  B2 06		    mov dl, BOX_LEFT + 1
 000001BE  B9 00000030		    mov ecx, BOX_WIDTH - 2
 000001C3			    DHD_Loop:
 000001C3  E8 00000000 E	        call Gotoxy
 000001C8  B0 CD		        mov al, 0CDh
 000001CA  E8 00000000 E	        call WriteChar
 000001CF  FE C2		        inc dl
 000001D1  E2 F0		        loop DHD_Loop

				        ; ╣ right junction
 000001D3  B2 36		        mov dl, BOX_LEFT + BOX_WIDTH - 1
 000001D5  E8 00000000 E	        call Gotoxy
 000001DA  B0 B9		        mov al, 0B9h
 000001DC  E8 00000000 E        call WriteChar

 000001E1  61			        popad
 000001E2  C3			        ret
 000001E3			DrawHDivider ENDP

 000001E3			DrawTitle PROC
 000001E3  60			    pushad
				    SET_COLOR CLR_TITLE
 000001E4  B8 0000000E	     1	    mov eax, CLR_TITLE
 000001E9  E8 00000000 E     1	    call SetTextColor
				    GOTO_XY INNER_LEFT, TITLE_ROW
 000001EE  B2 07	     1	    mov dl, INNER_LEFT
 000001F0  B6 03	     1	    mov dh, TITLE_ROW
 000001F2  E8 00000000 E     1	    call Gotoxy
 000001F7  BA 00001E26 R	    mov edx, OFFSET titleStr
 000001FC  E8 00000000 E	    call WriteString
 00000201  61			    popad
 00000202  C3			    ret
 00000203			DrawTitle ENDP

 00000203			DrawWordLine PROC
 00000203  60			    pushad
				    SET_COLOR CLR_PROMPT
 00000204  B8 0000000E	     1	    mov eax, CLR_PROMPT
 00000209  E8 00000000 E     1	    call SetTextColor
				    GOTO_XY INNER_LEFT, WORD_ROW
 0000020E  B2 07	     1	    mov dl, INNER_LEFT
 00000210  B6 05	     1	    mov dh, WORD_ROW
 00000212  E8 00000000 E     1	    call Gotoxy
 00000217  BA 00001E43 R	    mov edx, OFFSET wordLbl
 0000021C  E8 00000000 E	    call WriteString
				    SET_COLOR CLR_WORD
 00000221  B8 0000000F	     1	    mov eax, CLR_WORD
 00000226  E8 00000000 E     1	    call SetTextColor
 0000022B  BA 000015DD R	    mov edx, OFFSET mask_buffer
 00000230  E8 00000000 E	    call WriteString
				    ; pad so stale chars from a longer previous mask are erased
 00000235  B9 00000014		    mov ecx, 20
 0000023A  B0 20		    mov al, ' '
 0000023C			    DWL_Pad:
 0000023C  E8 00000000 E	        call WriteChar
 00000241  E2 F9		        loop DWL_Pad
 00000243  61			        popad
 00000244  C3			        ret
 00000245			DrawWordLine ENDP

 00000245			DrawLivesLine PROC
 00000245  60			    pushad
				    SET_COLOR CLR_PROMPT
 00000246  B8 0000000E	     1	    mov eax, CLR_PROMPT
 0000024B  E8 00000000 E     1	    call SetTextColor
				    GOTO_XY INNER_LEFT, LIVES_ROW
 00000250  B2 07	     1	    mov dl, INNER_LEFT
 00000252  B6 07	     1	    mov dh, LIVES_ROW
 00000254  E8 00000000 E     1	    call Gotoxy
 00000259  BA 00001E4B R	    mov edx, OFFSET livesLbl
 0000025E  E8 00000000 E	    call WriteString

				    SET_COLOR CLR_LIVES
 00000263  B8 0000000C	     1	    mov eax, CLR_LIVES
 00000268  E8 00000000 E     1	    call SetTextColor
 0000026D  8B 0D 00001DDD R	    mov ecx, guesses_left
 00000273  83 F9 00		    cmp ecx, 0
 00000276  74 10		    je  DLL_DoEmpty
 00000278			    DLL_HeartLoop:
 00000278  B0 48		        mov al, 'H'
 0000027A  E8 00000000 E	        call WriteChar
 0000027F  B0 20		        mov al, ' '
 00000281  E8 00000000 E	        call WriteChar
 00000286  E2 F0		        loop DLL_HeartLoop

 00000288			    DLL_DoEmpty:
				        ; dimmed x for each life spent
				        SET_COLOR CLR_DIMMED
 00000288  B8 00000008	     1	    mov eax, CLR_DIMMED
 0000028D  E8 00000000 E     1	    call SetTextColor
 00000292  B9 00000005		        mov ecx, 5
 00000297  2B 0D 00001DDD R	        sub ecx, guesses_left
 0000029D  83 F9 00		        cmp ecx, 0
 000002A0  74 10		        je  DLL_Done
 000002A2			    DLL_XLoop:
 000002A2  B0 78		        mov al, 'x'
 000002A4  E8 00000000 E	        call WriteChar
 000002A9  B0 20		        mov al, ' '
 000002AB  E8 00000000 E	        call WriteChar
 000002B0  E2 F0		        loop DLL_XLoop

 000002B2			    DLL_Done:
				        ; trailing spaces to erase previous state
 000002B2  B9 00000008		        mov ecx, 8
 000002B7  B0 20		        mov al, ' '
 000002B9			    DLL_Pad:
 000002B9  E8 00000000 E	        call WriteChar
 000002BE  E2 F9		        loop DLL_Pad
 000002C0  61			        popad
 000002C1  C3			        ret
 000002C2			DrawLivesLine ENDP

 000002C2			ClearStatusLine PROC
 000002C2  60			    pushad
				    SET_COLOR CLR_NORMAL
 000002C3  B8 00000007	     1	    mov eax, CLR_NORMAL
 000002C8  E8 00000000 E     1	    call SetTextColor
				    GOTO_XY INNER_LEFT, STATUS_ROW
 000002CD  B2 07	     1	    mov dl, INNER_LEFT
 000002CF  B6 0A	     1	    mov dh, STATUS_ROW
 000002D1  E8 00000000 E     1	    call Gotoxy
 000002D6  BA 00001F16 R	    mov edx, OFFSET blankLine30
 000002DB  E8 00000000 E	    call WriteString
 000002E0  61			    popad
 000002E1  C3			    ret
 000002E2			ClearStatusLine ENDP

 000002E2			DrawStatusHit PROC
 000002E2  60			    pushad
 000002E3  E8 FFFFFFDA		    call ClearStatusLine
				    SET_COLOR CLR_HIT
 000002E8  B8 0000000A	     1	    mov eax, CLR_HIT
 000002ED  E8 00000000 E     1	    call SetTextColor
				    GOTO_XY INNER_LEFT, STATUS_ROW
 000002F2  B2 07	     1	    mov dl, INNER_LEFT
 000002F4  B6 0A	     1	    mov dh, STATUS_ROW
 000002F6  E8 00000000 E     1	    call Gotoxy
 000002FB  BA 00001E82 R	    mov edx, OFFSET hitMsg2
 00000300  E8 00000000 E	    call WriteString
 00000305  61			    popad
 00000306  C3			    ret
 00000307			DrawStatusHit ENDP


 00000307			DrawStatusMiss PROC
 00000307  60			    pushad
 00000308  E8 FFFFFFB5		    call ClearStatusLine
				    SET_COLOR CLR_MISS
 0000030D  B8 0000000C	     1	    mov eax, CLR_MISS
 00000312  E8 00000000 E     1	    call SetTextColor
				    GOTO_XY INNER_LEFT, STATUS_ROW
 00000317  B2 07	     1	    mov dl, INNER_LEFT
 00000319  B6 0A	     1	    mov dh, STATUS_ROW
 0000031B  E8 00000000 E     1	    call Gotoxy
 00000320  BA 00001EA0 R	    mov edx, OFFSET missMsg2
 00000325  E8 00000000 E	    call WriteString
 0000032A  61			    popad
 0000032B  C3			    ret
 0000032C			DrawStatusMiss ENDP

 0000032C			DrawWinScreen PROC
 0000032C  60			    pushad
				    SET_COLOR CLR_WIN
 0000032D  B8 0000000A	     1	    mov eax, CLR_WIN
 00000332  E8 00000000 E     1	    call SetTextColor
				    GOTO_XY INNER_LEFT, INPUT_ROW
 00000337  B2 07	     1	    mov dl, INNER_LEFT
 00000339  B6 09	     1	    mov dh, INPUT_ROW
 0000033B  E8 00000000 E     1	    call Gotoxy
 00000340  BA 00001F16 R	    mov edx, OFFSET blankLine30
 00000345  E8 00000000 E	    call WriteString
				    GOTO_XY INNER_LEFT, INPUT_ROW
 0000034A  B2 07	     1	    mov dl, INNER_LEFT
 0000034C  B6 09	     1	    mov dh, INPUT_ROW
 0000034E  E8 00000000 E     1	    call Gotoxy
 00000353  BA 00001EBF R	    mov edx, OFFSET winMsg2
 00000358  E8 00000000 E	    call WriteString
 0000035D  E8 FFFFFF60		    call ClearStatusLine
 00000362  61			    popad
 00000363  C3			    ret
 00000364			DrawWinScreen ENDP

 00000364			DrawLoseScreen PROC
 00000364  60			    pushad
				    SET_COLOR CLR_LOSE
 00000365  B8 0000000C	     1	    mov eax, CLR_LOSE
 0000036A  E8 00000000 E     1	    call SetTextColor
				    GOTO_XY INNER_LEFT, INPUT_ROW
 0000036F  B2 07	     1	    mov dl, INNER_LEFT
 00000371  B6 09	     1	    mov dh, INPUT_ROW
 00000373  E8 00000000 E     1	    call Gotoxy
 00000378  BA 00001F16 R	    mov edx, OFFSET blankLine30
 0000037D  E8 00000000 E	    call WriteString
				    GOTO_XY INNER_LEFT, INPUT_ROW
 00000382  B2 07	     1	    mov dl, INNER_LEFT
 00000384  B6 09	     1	    mov dh, INPUT_ROW
 00000386  E8 00000000 E     1	    call Gotoxy
 0000038B  BA 00001EE0 R	    mov edx, OFFSET loseMsg2
 00000390  E8 00000000 E	    call WriteString
				    SET_COLOR CLR_WORD
 00000395  B8 0000000F	     1	    mov eax, CLR_WORD
 0000039A  E8 00000000 E     1	    call SetTextColor
				    GOTO_XY INNER_LEFT, STATUS_ROW
 0000039F  B2 07	     1	    mov dl, INNER_LEFT
 000003A1  B6 0A	     1	    mov dh, STATUS_ROW
 000003A3  E8 00000000 E     1	    call Gotoxy
 000003A8  BA 00001F01 R	    mov edx, OFFSET answerLbl
 000003AD  E8 00000000 E	    call WriteString
 000003B2  BA 00000116 R	    mov edx, OFFSET line_buffer
 000003B7  E8 00000000 E	    call WriteString
 000003BC  61			    popad
 000003BD  C3			    ret
 000003BE			DrawLoseScreen ENDP


				CMP_NOCASE MACRO char1, char2
				    LOCAL skip1, skip2
				    push eax
				    push ebx
				    ; Convert char1 to uppercase if it's a lowercase letter
				    cmp char1, 'a'
				    jb  skip1
				    cmp char1, 'z'
				    ja  skip1
				    and char1, 11011111b    ;; to uppercase (0xDF)
				    skip1:

				        ; Convert char2 to uppercase if it's a lowercase letter
				        cmp char2, 'a'
				        jb  skip2
				        cmp char2, 'z'
				        ja  skip2
				        and char2, 11011111b
				    skip2:
				        cmp char1, char2
				        pop ebx
				        pop eax
				ENDM
				;NEW MACRO
				WRITEMSG MACRO varName
				    mov edx, OFFSET varName     ; moved the offset of varName into edx
				    call WriteString            ; print the string
				ENDM

				; input: esi = pointer to string 1, edi = pointer to string 2
				; output: zf = 1 if match
 000003BE			Str_Compare_NOCASE PROC
 000003BE  60			    pushad              ; Save all registers

 000003BF			    L1:
 000003BF  8A 06		        mov al, [esi]      
 000003C1  8A 1F		        mov bl, [edi]       
				        
				        ; Convert AL to uppercase
 000003C3  3C 61		        cmp al, 'a'
 000003C5  72 06		        jb  CheckBL
 000003C7  3C 7A		        cmp al, 'z'
 000003C9  77 02		        ja  CheckBL
 000003CB  24 DF		        and al, 11011111b
 000003CD			    CheckBL:
				        ; Convert BL to uppercase
 000003CD  80 FB 61		        cmp bl, 'a'
 000003D0  72 08		        jb  CompareChars
 000003D2  80 FB 7A		        cmp bl, 'z'
 000003D5  77 03		        ja  CompareChars
 000003D7  80 E3 DF		        and bl, 11011111b

 000003DA			    CompareChars:
 000003DA  3A C3		        cmp al, bl      ; Compare normalized chars
 000003DC  75 0F		        jne NotEqual        ; If mismatch, exit
				        
 000003DE  3C 00		        cmp al, 0
 000003E0  74 04		        je  StringsMatch
				        
 000003E2  46			        inc esi
 000003E3  47			        inc edi
 000003E4  EB D9		        jmp L1

 000003E6			    StringsMatch:
 000003E6  61			        popad               ; Restore registers
 000003E7  A9 00000000		        test eax, 0         ; Force Zero Flag = 1
 000003EC  C3			        ret

 000003ED			    NotEqual:
 000003ED  61			        popad               ; Restore registers
 000003EE  83 C8 01		        or eax, 1           ; Force Zero Flag = 0
 000003F1  C3			        ret
 000003F2			Str_Compare_NOCASE ENDP


				; returns: EAX = random line index (0-based)
 000003F2			GetRandomFileLine PROC
				    ; 1. Open the file to count total lines
				    OPENFILECREATE
 000003F2  6A 00	   *	    push   +000000000h
 000003F4  6A 00	   *	    push   +000000000h
 000003F6  6A 03	   *	    push   +000000003h
 000003F8  6A 00	   *	    push   +000000000h
 000003FA  6A 01	   *	    push   +000000001h
 000003FC  68 80000000	   *	    push   +080000000h
 00000401  68 00000000 R   *	    push   OFFSET databaseName
 00000406  E8 00000000 E   *	    call   CreateFileA
 0000040B  A3 0000151F R	    mov file_handle, eax
 00000410  83 F8 FF		    cmp eax, INVALID_HANDLE_VALUE
 00000413  74 64		    je  Fail

 00000415  C7 05 0000151A R	    mov current_line, 0
	   00000000

 0000041F			    CountLoop:
				        OPENFILEREAD
 0000041F  6A 00	   *	    push   +000000000h
 00000421  68 00001523 R   *	    push   OFFSET bytes_read
 00000426  68 00001000	   *	    push   +000001000h
 0000042B  68 00000516 R   *	    push   OFFSET file_buffer
 00000430  FF 35 0000151F R *	    push   file_handle
 00000436  E8 00000000 E   *	    call   ReadFile
 0000043B  83 3D 00001523 R	        cmp bytes_read, 0
	   00
 00000442  74 1A		        je  EndCount
 00000444  8B 0D 00001523 R	        mov ecx, bytes_read
 0000044A  BE 00000516 R	        mov esi, OFFSET file_buffer

 0000044F			    Scan:
 0000044F  AC			        lodsb
 00000450  3C 0A		        cmp al, 0Ah          ; Line Feed found?
 00000452  75 06		        jne Next
 00000454  FF 05 0000151A R	        inc current_line
 0000045A			    Next:
 0000045A  E2 F3		        loop Scan
 0000045C  EB C1		        jmp CountLoop
 0000045E			    EndCount:
				        INVOKE CloseHandle, file_handle
 0000045E  FF 35 0000151F R *	    push   file_handle
 00000464  E8 00000000 E   *	    call   CloseHandle
 00000469  A1 0000151A R	        mov eax, current_line
 0000046E  83 F8 00		        cmp eax, 0
 00000471  74 06		        je  Fail
 00000473  E8 00000000 E	        call RandomRange     ; Returns [0 to current_line-1] in EAX
 00000478  C3			        ret
 00000479			    Fail:
 00000479  33 C0		        xor eax, eax
 0000047B  C3			        ret
				    
 0000047C			GetRandomFileLine ENDP


				; input: EAX = line index to retrieve
 0000047C			LoadFileLine PROC
 0000047C  A3 00001516 R	    mov target_line, eax
 00000481  C7 05 0000151A R	    mov current_line, 0
	   00000000
 0000048B  C6 05 0000151E R	    mov is_copying, 0
	   00
				    
				    OPENFILECREATE
 00000492  6A 00	   *	    push   +000000000h
 00000494  6A 00	   *	    push   +000000000h
 00000496  6A 03	   *	    push   +000000003h
 00000498  6A 00	   *	    push   +000000000h
 0000049A  6A 01	   *	    push   +000000001h
 0000049C  68 80000000	   *	    push   +080000000h
 000004A1  68 00000000 R   *	    push   OFFSET databaseName
 000004A6  E8 00000000 E   *	    call   CreateFileA
 000004AB  A3 0000151F R	    mov file_handle, eax
 000004B0  83 F8 FF		    cmp eax, INVALID_HANDLE_VALUE
 000004B3  74 79		    je  LoadExit

 000004B5  BF 00000116 R	    mov edi, OFFSET line_buffer

 000004BA			    ReadLoop:
				        OPENFILEREAD
 000004BA  6A 00	   *	    push   +000000000h
 000004BC  68 00001523 R   *	    push   OFFSET bytes_read
 000004C1  68 00001000	   *	    push   +000001000h
 000004C6  68 00000516 R   *	    push   OFFSET file_buffer
 000004CB  FF 35 0000151F R *	    push   file_handle
 000004D1  E8 00000000 E   *	    call   ReadFile
 000004D6  83 3D 00001523 R	        cmp bytes_read, 0
	   00
 000004DD  74 44		        je  CloseAndExit
				        
 000004DF  8B 0D 00001523 R	        mov ecx, bytes_read
 000004E5  BE 00000516 R	        mov esi, OFFSET file_buffer

 000004EA			    Process:
 000004EA  AC			        lodsb
 000004EB  8A D8		        mov bl, al
				        
 000004ED  8B 15 0000151A R	        mov edx, current_line
 000004F3  3B 15 00001516 R	        cmp edx, target_line
 000004F9  75 16		        jne Skip

				        ; We are at the target line
 000004FB  C6 05 0000151E R	        mov is_copying, 1
	   01
 00000502  80 FB 0D		        cmp bl, 0Dh          ; Carriage Return?
 00000505  74 19		        je  Finish
 00000507  80 FB 0A		        cmp bl, 0Ah          ; Line Feed?
 0000050A  74 14		        je  Finish
				        
 0000050C  88 1F		        mov [edi], bl        ; Copy char to line_buffer
 0000050E  47			        inc edi
 0000050F  EB 0B		        jmp NextChar

 00000511			    Skip:
 00000511  80 FB 0A		        cmp bl, 0Ah
 00000514  75 06		        jne NextChar
 00000516  FF 05 0000151A R	        inc current_line

 0000051C			    NextChar:
 0000051C  E2 CC		        loop Process
 0000051E  EB 9A		        jmp  ReadLoop

 00000520			    Finish:
 00000520  C6 07 00		        mov BYTE PTR [edi], 0 ; Null terminate
 00000523			    CloseAndExit:
				        INVOKE CloseHandle, file_handle
 00000523  FF 35 0000151F R *	    push   file_handle
 00000529  E8 00000000 E   *	    call   CloseHandle
 0000052E			    LoadExit:
 0000052E  C3			        ret
 0000052F			LoadFileLine ENDP


				;PlayGuessingGame PROC
				;; Logic: 5 single letter guesses, then one final word entry
				;;---------------------------------------------------------
				;    ; Create the mask (underscores)
				;    mov esi, OFFSET line_buffer
				;    mov edi, OFFSET mask_buffer
				;    MaskLoop:
				;        lodsb
				;        cmp al, 0
				;        je  DoneMask
				;        mov BYTE PTR [edi], '_'
				;        inc edi
				;        jmp MaskLoop
				;    DoneMask:
				;        mov BYTE PTR [edi], 0
				;
				;    GameLoop:
				;        cmp guesses_left, 0
				;        je  FinalInput
				;
				;        ; Display Progress
				;WRITEMSG mask_buffer
				;call CrLf
				;
				;; Prompt User
				;WRITEMSG prompt_char
				;
				;        mov eax, guesses_left
				;        call WriteDec
				;        
				;        call Crlf
				;
				;        call ReadChar
				;        call WriteChar
				;        mov bl, 0           ; Hit flag
				;        
				;        ; Scan for hits
				;        mov esi, OFFSET line_buffer
				;        mov edi, OFFSET mask_buffer
				;    ScanHits:
				;        mov bh, [esi]
				;        cmp bh, 0
				;        je  ScanDone
				;        CMP_NOCASE bh, al
				;        jne NoMatch
				;        mov [edi], al
				;        mov bl, 1
				;    NoMatch:
				;        inc esi
				;        inc edi
				;        jmp ScanHits
				;    ScanDone:
				;        dec guesses_left
				;        cmp bl, 1
				;        je  Hit
				;
				;        ; CHANGE: replaced "mov edx, OFFSET msg_miss / call WriteString" with WRITEMSG
				;        WRITEMSG msg_miss
				;        jmp GameLoop
				;    Hit:
				;        ; CHANGE: replaced "mov edx, OFFSET msg_hit / call WriteString" with WRITEMSG ***
				;        WRITEMSG msg_hit
				;        call Crlf
				;        jmp GameLoop
				;
				;    FinalInput:
				;        ; CHANGE: replaced "mov edx, OFFSET mask_buffer / call WriteString" with WRITEMSG ***
				;        WRITEMSG mask_buffer
				;        call CrLf
				;
				;        ; CHANGE: replaced "mov edx, OFFSET prompt_final / call WriteString" with WRITEMSG ***
				;        WRITEMSG prompt_final
				;        mov edx, OFFSET user_input
				;        mov ecx, SIZEOF user_input
				;        call ReadString
				;
				;        ; Compare user_input to line_buffer
				;        mov esi, OFFSET user_input
				;        mov edi, OFFSET line_buffer
				;
				;        call Str_Compare_NOCASE
				;        jz  Win
				;
				;        ; CHANGE: replaced "mov edx, OFFSET correct_word / call WriteString" with WRITEMSG ***
				;        WRITEMSG correct_word
				;        
				;        ; CHANGE: replaced "mov edx, OFFSET line_buffer / call WriteString" with WRITEMSG ***
				;        WRITEMSG line_buffer
				;        
				;        call Crlf
				;        ; CHANGE: replaced "mov edx, OFFSET msg_lose / call WriteString" with WRITEMSG ***
				;        WRITEMSG msg_lose
				;        call Crlf
				;        jmp GameExit
				;    Win:
				;        ; CHANGE: replaced "mov edx, OFFSET msg_win / call WriteString" with WRITEMSG ***
				;        WRITEMSG msg_win
				;    GameExit:
				;        ret
				;PlayGuessingGame ENDP

 0000052F			PlayGuessingGame PROC
				    ;-- build mask (_ for every char) --------------------------
 0000052F  BE 00000116 R	    mov esi, OFFSET line_buffer
 00000534  BF 000015DD R	    mov edi, OFFSET mask_buffer
 00000539			    PGG_MaskLoop:
 00000539  AC			        lodsb
 0000053A  3C 00		        cmp al, 0
 0000053C  74 06		        je  PGG_DoneMask
 0000053E  C6 07 5F		        mov BYTE PTR [edi], '_'
 00000541  47			        inc edi
 00000542  EB F5		        jmp PGG_MaskLoop
 00000544			    PGG_DoneMask:
 00000544  C6 07 00		        mov BYTE PTR [edi], 0

				        ;-- draw static frame once ---------------------------------
 00000547  E8 FFFFFBAC		        call DrawBorder
 0000054C  E8 FFFFFC92		        call DrawTitle
 00000551  B6 04		        mov dh, DIV1_ROW  
 00000553  E8 FFFFFC4B		        call DrawHDivider   
				        ; write each divider call on its own line:
 00000558  B6 04		        mov dh, DIV1_ROW
 0000055A  E8 FFFFFC44		        call DrawHDivider
 0000055F  B6 06		        mov dh, DIV2_ROW
 00000561  E8 FFFFFC3D		        call DrawHDivider
 00000566  B6 08		        mov dh, DIV3_ROW
 00000568  E8 FFFFFC36		        call DrawHDivider
 0000056D  B6 0B		        mov dh, DIV4_ROW
 0000056F  E8 FFFFFC2F		        call DrawHDivider

 00000574  E8 FFFFFC8A		        call DrawWordLine
 00000579  E8 FFFFFCC7		        call DrawLivesLine
 0000057E  E8 FFFFFB14		        call DrawUsedLine

				        ;-- main letter-guess loop ---------------------------------
 00000583			    PGG_GameLoop:
 00000583  83 3D 00001DDD R	        cmp guesses_left, 0
	   00
 0000058A  0F 84 000000E9	        je  PGG_FinalInput

 00000590  E8 FFFFFC6E		        call DrawWordLine
 00000595  E8 FFFFFCAB		        call DrawLivesLine

				        ; clear + redraw input prompt
				        SET_COLOR CLR_NORMAL
 0000059A  B8 00000007	     1	    mov eax, CLR_NORMAL
 0000059F  E8 00000000 E     1	    call SetTextColor
				        GOTO_XY INNER_LEFT, INPUT_ROW
 000005A4  B2 07	     1	    mov dl, INNER_LEFT
 000005A6  B6 09	     1	    mov dh, INPUT_ROW
 000005A8  E8 00000000 E     1	    call Gotoxy
 000005AD  BA 00001F16 R	        mov edx, OFFSET blankLine30
 000005B2  E8 00000000 E	        call WriteString
				        SET_COLOR CLR_PROMPT
 000005B7  B8 0000000E	     1	    mov eax, CLR_PROMPT
 000005BC  E8 00000000 E     1	    call SetTextColor
				        GOTO_XY INNER_LEFT, INPUT_ROW
 000005C1  B2 07	     1	    mov dl, INNER_LEFT
 000005C3  B6 09	     1	    mov dh, INPUT_ROW
 000005C5  E8 00000000 E     1	    call Gotoxy
 000005CA  BA 00001E53 R	        mov edx, OFFSET inputLbl
 000005CF  E8 00000000 E	        call WriteString

				        ; place cursor right after the prompt text (16 chars wide)
				        SET_COLOR CLR_WORD
 000005D4  B8 0000000F	     1	    mov eax, CLR_WORD
 000005D9  E8 00000000 E     1	    call SetTextColor
				        GOTO_XY INNER_LEFT + 16, INPUT_ROW
 000005DE  B2 17	     1	    mov dl, INNER_LEFT + 16
 000005E0  B6 09	     1	    mov dh, INPUT_ROW
 000005E2  E8 00000000 E     1	    call Gotoxy

 000005E7  E8 00000000 E	        call ReadChar
 000005EC  A2 00001E25 R	        mov guessed_char, al
 000005F1  E8 00000000 E	        call WriteChar              ; echo the letter

 000005F6  A0 00001E25 R	        mov al, guessed_char
 000005FB  E8 FFFFFA1B		        call IsLetterUsed           ; ZF=1 if already in used_letters
 00000600  74 6D		        jz  PGG_Duplicate

 00000602  A0 00001E25 R	        mov al, guessed_char
 00000607  E8 FFFFFA3D		        call AddUsedLetter
 0000060C  E8 FFFFFA86		        call DrawUsedLine           ; update USED row immediately
				    
 00000611  A0 00001E25 R	        mov al, guessed_char        ; restore guessed char for comparison
 00000616  B3 00		        mov bl, 0                   ; hit flag
				    
 00000618  BE 00000116 R	        mov esi, OFFSET line_buffer
 0000061D  BF 000015DD R	        mov edi, OFFSET mask_buffer
 00000622			    PGG_ScanHits:
 00000622  8A 3E		        mov bh, [esi]
 00000624  80 FF 00		        cmp bh, 0
 00000627  74 27		        je  PGG_ScanDone
				        CMP_NOCASE bh, al
 00000629  50		     1	    push eax
 0000062A  53		     1	    push ebx
 0000062B  80 FF 61	     1	    cmp bh, 'a'
 0000062E  72 08	     1	    jb  ??0000
 00000630  80 FF 7A	     1	    cmp bh, 'z'
 00000633  77 03	     1	    ja  ??0000
 00000635  80 E7 DF	     1	    and bh, 11011111b    
 00000638		     1	    ??0000:
 00000638  3C 61	     1	        cmp al, 'a'
 0000063A  72 06	     1	        jb  ??0001
 0000063C  3C 7A	     1	        cmp al, 'z'
 0000063E  77 02	     1	        ja  ??0001
 00000640  24 DF	     1	        and al, 11011111b
 00000642		     1	    ??0001:
 00000642  3A F8	     1	        cmp bh, al
 00000644  5B		     1	        pop ebx
 00000645  58		     1	        pop eax
 00000646  75 04		        jne PGG_NoMatch
 00000648  88 07		        mov [edi], al
 0000064A  B3 01		        mov bl, 1
 0000064C			    PGG_NoMatch:
 0000064C  46			        inc esi
 0000064D  47			        inc edi
 0000064E  EB D2		        jmp PGG_ScanHits
 00000650			    PGG_ScanDone:
 00000650  FF 0D 00001DDD R	        dec guesses_left
 00000656  80 FB 01		        cmp bl, 1
 00000659  74 0A		        je  PGG_Hit
 0000065B  E8 FFFFFCA7		        call DrawStatusMiss
 00000660  E9 FFFFFF1E		        jmp PGG_GameLoop
 00000665			    PGG_Hit:
 00000665  E8 FFFFFC78		        call DrawStatusHit
 0000066A  E9 FFFFFF14		        jmp PGG_GameLoop
				    
 0000066F			    PGG_Duplicate:
 0000066F  E8 FFFFF9FE		        call DrawStatusUsed
 00000674  E9 FFFFFF0A		        jmp PGG_GameLoop
				        ;-- final full-word guess -----------------------------------
 00000679			    PGG_FinalInput:
 00000679  E8 FFFFFB85		        call DrawWordLine
 0000067E  E8 FFFFFBC2		        call DrawLivesLine
 00000683  E8 FFFFFA0F		        call DrawUsedLine
 00000688  E8 FFFFFC35		        call ClearStatusLine

				        SET_COLOR CLR_PROMPT
 0000068D  B8 0000000E	     1	    mov eax, CLR_PROMPT
 00000692  E8 00000000 E     1	    call SetTextColor
				        GOTO_XY INNER_LEFT, INPUT_ROW
 00000697  B2 07	     1	    mov dl, INNER_LEFT
 00000699  B6 09	     1	    mov dh, INPUT_ROW
 0000069B  E8 00000000 E     1	    call Gotoxy
 000006A0  BA 00001F16 R	        mov edx, OFFSET blankLine30
 000006A5  E8 00000000 E	        call WriteString
				        GOTO_XY INNER_LEFT, INPUT_ROW
 000006AA  B2 07	     1	    mov dl, INNER_LEFT
 000006AC  B6 09	     1	    mov dh, INPUT_ROW
 000006AE  E8 00000000 E     1	    call Gotoxy
 000006B3  BA 00001E64 R	        mov edx, OFFSET finalLbl
 000006B8  E8 00000000 E	        call WriteString

				        ; read the guess on STATUS_ROW so it sits inside the box
				        SET_COLOR CLR_WORD
 000006BD  B8 0000000F	     1	    mov eax, CLR_WORD
 000006C2  E8 00000000 E     1	    call SetTextColor
				        GOTO_XY INNER_LEFT, STATUS_ROW
 000006C7  B2 07	     1	    mov dl, INNER_LEFT
 000006C9  B6 0A	     1	    mov dh, STATUS_ROW
 000006CB  E8 00000000 E     1	    call Gotoxy
 000006D0  BA 00001F16 R	        mov edx, OFFSET blankLine30
 000006D5  E8 00000000 E	        call WriteString
				        GOTO_XY INNER_LEFT, STATUS_ROW
 000006DA  B2 07	     1	    mov dl, INNER_LEFT
 000006DC  B6 0A	     1	    mov dh, STATUS_ROW
 000006DE  E8 00000000 E     1	    call Gotoxy
 000006E3  BA 000019DD R	        mov edx, OFFSET user_input
 000006E8  B9 00000400		        mov ecx, SIZEOF user_input
 000006ED  E8 00000000 E	        call ReadString

 000006F2  BE 000019DD R	        mov esi, OFFSET user_input
 000006F7  BF 00000116 R	        mov edi, OFFSET line_buffer
 000006FC  E8 FFFFFCBD		        call Str_Compare_NOCASE
 00000701  74 07		        jz  PGG_Win

 00000703  E8 FFFFFC5C		        call DrawLoseScreen
 00000708  EB 05		        jmp PGG_GameExit
 0000070A			    PGG_Win:
 0000070A  E8 FFFFFC1D		        call DrawWinScreen
 0000070F			    PGG_GameExit:
				        SET_COLOR CLR_NORMAL
 0000070F  B8 00000007	     1	    mov eax, CLR_NORMAL
 00000714  E8 00000000 E     1	    call SetTextColor
				        GOTO_XY 0, BOT_ROW + 2     ; move cursor below box before exit
 00000719  B2 00	     1	    mov dl, 0
 0000071B  B6 11	     1	    mov dh, BOT_ROW + 2
 0000071D  E8 00000000 E     1	    call Gotoxy
 00000722  C3			        ret
 00000723			PlayGuessingGame ENDP


				END main
Microsoft (R) Macro Assembler Version 14.50.35723.0	    04/27/26 11:11:52
BrainrotGuesser.asm					     Symbols 2 - 1




Macros:

                N a m e                 Type

CMP_NOCASE . . . . . . . . . . .	Proc
GOTO_XY  . . . . . . . . . . . .	Proc
OPENFILECREATE . . . . . . . . .	Proc
OPENFILEREAD . . . . . . . . . .	Proc
SET_COLOR  . . . . . . . . . . .	Proc
WRITEMSG . . . . . . . . . . . .	Proc


Structures and Unions:

                N a m e                  Size
                                         Offset      Type

CONSOLE_CURSOR_INFO  . . . . . .	 00000008
  dwSize . . . . . . . . . . . .	 00000000	 DWord
  bVisible . . . . . . . . . . .	 00000004	 DWord
CONSOLE_SCREEN_BUFFER_INFO . . .	 00000016
  dwSize . . . . . . . . . . . .	 00000000	 DWord
  dwCursorPosition . . . . . . .	 00000004	 DWord
  wAttributes  . . . . . . . . .	 00000008	 Word
  srWindow . . . . . . . . . . .	 0000000A	 QWord
  dwMaximumWindowSize  . . . . .	 00000012	 DWord
COORD  . . . . . . . . . . . . .	 00000004
  X  . . . . . . . . . . . . . .	 00000000	 Word
  Y  . . . . . . . . . . . . . .	 00000002	 Word
FILETIME . . . . . . . . . . . .	 00000008
  loDateTime . . . . . . . . . .	 00000000	 DWord
  hiDateTime . . . . . . . . . .	 00000004	 DWord
FOCUS_EVENT_RECORD . . . . . . .	 00000004
  bSetFocus  . . . . . . . . . .	 00000000	 DWord
FPU_ENVIRON  . . . . . . . . . .	 0000001C
  controlWord  . . . . . . . . .	 00000000	 Word
  statusWord . . . . . . . . . .	 00000004	 Word
  tagWord  . . . . . . . . . . .	 00000008	 Word
  instrPointerOffset . . . . . .	 0000000C	 DWord
  instrPointerSelector . . . . .	 00000010	 DWord
  operandPointerOffset . . . . .	 00000014	 DWord
  operandPointerSelector . . . .	 00000018	 Word
INPUT_RECORD . . . . . . . . . .	 00000014
  EventType  . . . . . . . . . .	 00000000	 Word
  Event  . . . . . . . . . . . .	 00000004	 XmmWord
  bKeyDown . . . . . . . . . . .	 00000000	 DWord
  wRepeatCount . . . . . . . . .	 00000004	 Word
  wVirtualKeyCode  . . . . . . .	 00000006	 Word
  wVirtualScanCode . . . . . . .	 00000008	 Word
  uChar  . . . . . . . . . . . .	 0000000A	 Word
  UnicodeChar  . . . . . . . . .	 00000000	 Word
  AsciiChar  . . . . . . . . . .	 00000000	 Byte
  dwControlKeyState  . . . . . .	 0000000C	 DWord
  dwMousePosition  . . . . . . .	 00000000	 DWord
  dwButtonState  . . . . . . . .	 00000004	 DWord
  dwMouseControlKeyState . . . .	 00000008	 DWord
  dwEventFlags . . . . . . . . .	 0000000C	 DWord
  dwSize . . . . . . . . . . . .	 00000000	 DWord
  dwCommandId  . . . . . . . . .	 00000000	 DWord
  bSetFocus  . . . . . . . . . .	 00000000	 DWord
KEY_EVENT_RECORD . . . . . . . .	 00000010
  bKeyDown . . . . . . . . . . .	 00000000	 DWord
  wRepeatCount . . . . . . . . .	 00000004	 Word
  wVirtualKeyCode  . . . . . . .	 00000006	 Word
  wVirtualScanCode . . . . . . .	 00000008	 Word
  uChar  . . . . . . . . . . . .	 0000000A	 Word
  UnicodeChar  . . . . . . . . .	 00000000	 Word
  AsciiChar  . . . . . . . . . .	 00000000	 Byte
  dwControlKeyState  . . . . . .	 0000000C	 DWord
MENU_EVENT_RECORD  . . . . . . .	 00000004
  dwCommandId  . . . . . . . . .	 00000000	 DWord
MOUSE_EVENT_RECORD . . . . . . .	 00000010
  dwMousePosition  . . . . . . .	 00000000	 DWord
  dwButtonState  . . . . . . . .	 00000004	 DWord
  dwMouseControlKeyState . . . .	 00000008	 DWord
  dwEventFlags . . . . . . . . .	 0000000C	 DWord
SMALL_RECT . . . . . . . . . . .	 00000008
  Left . . . . . . . . . . . . .	 00000000	 Word
  Top  . . . . . . . . . . . . .	 00000002	 Word
  Right  . . . . . . . . . . . .	 00000004	 Word
  Bottom . . . . . . . . . . . .	 00000006	 Word
SYSTEMTIME . . . . . . . . . . .	 00000010
  wYear  . . . . . . . . . . . .	 00000000	 Word
  wMonth . . . . . . . . . . . .	 00000002	 Word
  wDayOfWeek . . . . . . . . . .	 00000004	 Word
  wDay . . . . . . . . . . . . .	 00000006	 Word
  wHour  . . . . . . . . . . . .	 00000008	 Word
  wMinute  . . . . . . . . . . .	 0000000A	 Word
  wSecond  . . . . . . . . . . .	 0000000C	 Word
  wMilliseconds  . . . . . . . .	 0000000E	 Word
WINDOW_BUFFER_SIZE_RECORD  . . .	 00000004
  dwSize . . . . . . . . . . . .	 00000000	 DWord


Segments and Groups:

                N a m e                 Size     Length   Align   Combine Class

FLAT . . . . . . . . . . . . . .	GROUP
STACK  . . . . . . . . . . . . .	32 Bit	 00001000 Para	  Stack	  'STACK'	 
_DATA  . . . . . . . . . . . . .	32 Bit	 00001F92 Para	  Public  'DATA'	
_TEXT  . . . . . . . . . . . . .	32 Bit	 00000723 Para	  Public  'CODE'	


Procedures, parameters, and locals:

                N a m e                 Type     Value    Attr

AddUsedLetter  . . . . . . . . .	P Near	 00000049 _TEXT	Length= 00000029 Public STDCALL
  ALU_Store  . . . . . . . . . .	L Near	 00000059 _TEXT	
ClearStatusLine  . . . . . . . .	P Near	 000002C2 _TEXT	Length= 00000020 Public STDCALL
CloseFile  . . . . . . . . . . .	P Near	 00000000 FLAT	Length= 00000000 External STDCALL
CloseHandle  . . . . . . . . . .	P Near	 00000000 FLAT	Length= 00000000 External STDCALL
Clrscr . . . . . . . . . . . . .	P Near	 00000000 FLAT	Length= 00000000 External STDCALL
CreateFileA  . . . . . . . . . .	P Near	 00000000 FLAT	Length= 00000000 External STDCALL
CreateOutputFile . . . . . . . .	P Near	 00000000 FLAT	Length= 00000000 External STDCALL
Crlf . . . . . . . . . . . . . .	P Near	 00000000 FLAT	Length= 00000000 External STDCALL
Delay  . . . . . . . . . . . . .	P Near	 00000000 FLAT	Length= 00000000 External STDCALL
DrawBorder . . . . . . . . . . .	P Near	 000000F8 _TEXT	Length= 000000AB Public STDCALL
  DB_TopLoop . . . . . . . . . .	L Near	 00000121 _TEXT	
  DB_SideLoop  . . . . . . . . .	L Near	 00000148 _TEXT	
  DB_BotLoop . . . . . . . . . .	L Near	 00000181 _TEXT	
DrawHDivider . . . . . . . . . .	P Near	 000001A3 _TEXT	Length= 00000040 Public STDCALL
  DHD_Loop . . . . . . . . . . .	L Near	 000001C3 _TEXT	
DrawLivesLine  . . . . . . . . .	P Near	 00000245 _TEXT	Length= 0000007D Public STDCALL
  DLL_HeartLoop  . . . . . . . .	L Near	 00000278 _TEXT	
  DLL_DoEmpty  . . . . . . . . .	L Near	 00000288 _TEXT	
  DLL_XLoop  . . . . . . . . . .	L Near	 000002A2 _TEXT	
  DLL_Done . . . . . . . . . . .	L Near	 000002B2 _TEXT	
  DLL_Pad  . . . . . . . . . . .	L Near	 000002B9 _TEXT	
DrawLoseScreen . . . . . . . . .	P Near	 00000364 _TEXT	Length= 0000005A Public STDCALL
DrawStatusHit  . . . . . . . . .	P Near	 000002E2 _TEXT	Length= 00000025 Public STDCALL
DrawStatusMiss . . . . . . . . .	P Near	 00000307 _TEXT	Length= 00000025 Public STDCALL
DrawStatusUsed . . . . . . . . .	P Near	 00000072 _TEXT	Length= 00000025 Public STDCALL
DrawTitle  . . . . . . . . . . .	P Near	 000001E3 _TEXT	Length= 00000020 Public STDCALL
DrawUsedLine . . . . . . . . . .	P Near	 00000097 _TEXT	Length= 00000061 Public STDCALL
  DUL_Loop . . . . . . . . . . .	L Near	 000000E1 _TEXT	
  DUL_Done . . . . . . . . . . .	L Near	 000000F6 _TEXT	
DrawWinScreen  . . . . . . . . .	P Near	 0000032C _TEXT	Length= 00000038 Public STDCALL
DrawWordLine . . . . . . . . . .	P Near	 00000203 _TEXT	Length= 00000042 Public STDCALL
  DWL_Pad  . . . . . . . . . . .	L Near	 0000023C _TEXT	
DumpMem  . . . . . . . . . . . .	P Near	 00000000 FLAT	Length= 00000000 External STDCALL
DumpRegs . . . . . . . . . . . .	P Near	 00000000 FLAT	Length= 00000000 External STDCALL
ExitProcess  . . . . . . . . . .	P Near	 00000000 FLAT	Length= 00000000 External STDCALL
FileTimeToDosDateTime  . . . . .	P Near	 00000000 FLAT	Length= 00000000 External STDCALL
FileTimeToSystemTime . . . . . .	P Near	 00000000 FLAT	Length= 00000000 External STDCALL
FlushConsoleInputBuffer  . . . .	P Near	 00000000 FLAT	Length= 00000000 External STDCALL
FormatMessageA . . . . . . . . .	P Near	 00000000 FLAT	Length= 00000000 External STDCALL
GetCommandLineA  . . . . . . . .	P Near	 00000000 FLAT	Length= 00000000 External STDCALL
GetCommandTail . . . . . . . . .	P Near	 00000000 FLAT	Length= 00000000 External STDCALL
GetConsoleCP . . . . . . . . . .	P Near	 00000000 FLAT	Length= 00000000 External STDCALL
GetConsoleCursorInfo . . . . . .	P Near	 00000000 FLAT	Length= 00000000 External STDCALL
GetConsoleMode . . . . . . . . .	P Near	 00000000 FLAT	Length= 00000000 External STDCALL
GetConsoleScreenBufferInfo . . .	P Near	 00000000 FLAT	Length= 00000000 External STDCALL
GetDateTime  . . . . . . . . . .	P Near	 00000000 FLAT	Length= 00000000 External STDCALL
GetFileTime  . . . . . . . . . .	P Near	 00000000 FLAT	Length= 00000000 External STDCALL
GetKeyState  . . . . . . . . . .	P Near	 00000000 FLAT	Length= 00000000 External STDCALL
GetLastError . . . . . . . . . .	P Near	 00000000 FLAT	Length= 00000000 External STDCALL
GetLocalTime . . . . . . . . . .	P Near	 00000000 FLAT	Length= 00000000 External STDCALL
GetMaxXY . . . . . . . . . . . .	P Near	 00000000 FLAT	Length= 00000000 External STDCALL
GetMseconds  . . . . . . . . . .	P Near	 00000000 FLAT	Length= 00000000 External STDCALL
GetNumberOfConsoleInputEvents  .	P Near	 00000000 FLAT	Length= 00000000 External STDCALL
GetProcessHeap . . . . . . . . .	P Near	 00000000 FLAT	Length= 00000000 External STDCALL
GetRandomFileLine  . . . . . . .	P Near	 000003F2 _TEXT	Length= 0000008A Public STDCALL
  CountLoop  . . . . . . . . . .	L Near	 0000041F _TEXT	
  Scan . . . . . . . . . . . . .	L Near	 0000044F _TEXT	
  Next . . . . . . . . . . . . .	L Near	 0000045A _TEXT	
  EndCount . . . . . . . . . . .	L Near	 0000045E _TEXT	
  Fail . . . . . . . . . . . . .	L Near	 00000479 _TEXT	
GetStdHandle . . . . . . . . . .	P Near	 00000000 FLAT	Length= 00000000 External STDCALL
GetSystemTime  . . . . . . . . .	P Near	 00000000 FLAT	Length= 00000000 External STDCALL
GetTextColor . . . . . . . . . .	P Near	 00000000 FLAT	Length= 00000000 External STDCALL
GetTickCount . . . . . . . . . .	P Near	 00000000 FLAT	Length= 00000000 External STDCALL
Gotoxy . . . . . . . . . . . . .	P Near	 00000000 FLAT	Length= 00000000 External STDCALL
HeapAlloc  . . . . . . . . . . .	P Near	 00000000 FLAT	Length= 00000000 External STDCALL
HeapCreate . . . . . . . . . . .	P Near	 00000000 FLAT	Length= 00000000 External STDCALL
HeapDestroy  . . . . . . . . . .	P Near	 00000000 FLAT	Length= 00000000 External STDCALL
HeapFree . . . . . . . . . . . .	P Near	 00000000 FLAT	Length= 00000000 External STDCALL
HeapSize . . . . . . . . . . . .	P Near	 00000000 FLAT	Length= 00000000 External STDCALL
IsDigit  . . . . . . . . . . . .	P Near	 00000000 FLAT	Length= 00000000 External STDCALL
IsLetterUsed . . . . . . . . . .	P Near	 0000001B _TEXT	Length= 0000002E Public STDCALL
  ILU_Scan . . . . . . . . . . .	L Near	 0000002B _TEXT	
  ILU_Loop . . . . . . . . . . .	L Near	 00000030 _TEXT	
  ILU_Found  . . . . . . . . . .	L Near	 0000003D _TEXT	
  ILU_NotFound . . . . . . . . .	L Near	 00000044 _TEXT	
LoadFileLine . . . . . . . . . .	P Near	 0000047C _TEXT	Length= 000000B3 Public STDCALL
  ReadLoop . . . . . . . . . . .	L Near	 000004BA _TEXT	
  Process  . . . . . . . . . . .	L Near	 000004EA _TEXT	
  Skip . . . . . . . . . . . . .	L Near	 00000511 _TEXT	
  NextChar . . . . . . . . . . .	L Near	 0000051C _TEXT	
  Finish . . . . . . . . . . . .	L Near	 00000520 _TEXT	
  CloseAndExit . . . . . . . . .	L Near	 00000523 _TEXT	
  LoadExit . . . . . . . . . . .	L Near	 0000052E _TEXT	
LocalFree  . . . . . . . . . . .	P Near	 00000000 FLAT	Length= 00000000 External STDCALL
MessageBoxA  . . . . . . . . . .	P Near	 00000000 FLAT	Length= 00000000 External STDCALL
MsgBoxAsk  . . . . . . . . . . .	P Near	 00000000 FLAT	Length= 00000000 External STDCALL
MsgBox . . . . . . . . . . . . .	P Near	 00000000 FLAT	Length= 00000000 External STDCALL
OpenInputFile  . . . . . . . . .	P Near	 00000000 FLAT	Length= 00000000 External STDCALL
ParseDecimal32 . . . . . . . . .	P Near	 00000000 FLAT	Length= 00000000 External STDCALL
ParseInteger32 . . . . . . . . .	P Near	 00000000 FLAT	Length= 00000000 External STDCALL
PeekConsoleInputA  . . . . . . .	P Near	 00000000 FLAT	Length= 00000000 External STDCALL
PlayGuessingGame . . . . . . . .	P Near	 0000052F _TEXT	Length= 000001F4 Public STDCALL
  PGG_MaskLoop . . . . . . . . .	L Near	 00000539 _TEXT	
  PGG_DoneMask . . . . . . . . .	L Near	 00000544 _TEXT	
  PGG_GameLoop . . . . . . . . .	L Near	 00000583 _TEXT	
  PGG_ScanHits . . . . . . . . .	L Near	 00000622 _TEXT	
  ??0000 . . . . . . . . . . . .	L Near	 00000638 _TEXT	
  ??0001 . . . . . . . . . . . .	L Near	 00000642 _TEXT	
  PGG_NoMatch  . . . . . . . . .	L Near	 0000064C _TEXT	
  PGG_ScanDone . . . . . . . . .	L Near	 00000650 _TEXT	
  PGG_Hit  . . . . . . . . . . .	L Near	 00000665 _TEXT	
  PGG_Duplicate  . . . . . . . .	L Near	 0000066F _TEXT	
  PGG_FinalInput . . . . . . . .	L Near	 00000679 _TEXT	
  PGG_Win  . . . . . . . . . . .	L Near	 0000070A _TEXT	
  PGG_GameExit . . . . . . . . .	L Near	 0000070F _TEXT	
Random32 . . . . . . . . . . . .	P Near	 00000000 FLAT	Length= 00000000 External STDCALL
RandomRange  . . . . . . . . . .	P Near	 00000000 FLAT	Length= 00000000 External STDCALL
Randomize  . . . . . . . . . . .	P Near	 00000000 FLAT	Length= 00000000 External STDCALL
ReadChar . . . . . . . . . . . .	P Near	 00000000 FLAT	Length= 00000000 External STDCALL
ReadConsoleA . . . . . . . . . .	P Near	 00000000 FLAT	Length= 00000000 External STDCALL
ReadConsoleInputA  . . . . . . .	P Near	 00000000 FLAT	Length= 00000000 External STDCALL
ReadDec  . . . . . . . . . . . .	P Near	 00000000 FLAT	Length= 00000000 External STDCALL
ReadFile . . . . . . . . . . . .	P Near	 00000000 FLAT	Length= 00000000 External STDCALL
ReadFloat  . . . . . . . . . . .	P Near	 00000000 FLAT	Length= 00000000 External STDCALL
ReadFromFile . . . . . . . . . .	P Near	 00000000 FLAT	Length= 00000000 External STDCALL
ReadHex  . . . . . . . . . . . .	P Near	 00000000 FLAT	Length= 00000000 External STDCALL
ReadInt  . . . . . . . . . . . .	P Near	 00000000 FLAT	Length= 00000000 External STDCALL
ReadKeyFlush . . . . . . . . . .	P Near	 00000000 FLAT	Length= 00000000 External STDCALL
ReadKey  . . . . . . . . . . . .	P Near	 00000000 FLAT	Length= 00000000 External STDCALL
ReadString . . . . . . . . . . .	P Near	 00000000 FLAT	Length= 00000000 External STDCALL
SetConsoleCursorInfo . . . . . .	P Near	 00000000 FLAT	Length= 00000000 External STDCALL
SetConsoleCursorPosition . . . .	P Near	 00000000 FLAT	Length= 00000000 External STDCALL
SetConsoleMode . . . . . . . . .	P Near	 00000000 FLAT	Length= 00000000 External STDCALL
SetConsoleScreenBufferSize . . .	P Near	 00000000 FLAT	Length= 00000000 External STDCALL
SetConsoleTextAttribute  . . . .	P Near	 00000000 FLAT	Length= 00000000 External STDCALL
SetConsoleTitleA . . . . . . . .	P Near	 00000000 FLAT	Length= 00000000 External STDCALL
SetConsoleWindowInfo . . . . . .	P Near	 00000000 FLAT	Length= 00000000 External STDCALL
SetFilePointer . . . . . . . . .	P Near	 00000000 FLAT	Length= 00000000 External STDCALL
SetLocalTime . . . . . . . . . .	P Near	 00000000 FLAT	Length= 00000000 External STDCALL
SetTextColor . . . . . . . . . .	P Near	 00000000 FLAT	Length= 00000000 External STDCALL
ShowFPUStack . . . . . . . . . .	P Near	 00000000 FLAT	Length= 00000000 External STDCALL
Sleep  . . . . . . . . . . . . .	P Near	 00000000 FLAT	Length= 00000000 External STDCALL
StrLength  . . . . . . . . . . .	P Near	 00000000 FLAT	Length= 00000000 External STDCALL
Str_Compare_NOCASE . . . . . . .	P Near	 000003BE _TEXT	Length= 00000034 Public STDCALL
  L1 . . . . . . . . . . . . . .	L Near	 000003BF _TEXT	
  CheckBL  . . . . . . . . . . .	L Near	 000003CD _TEXT	
  CompareChars . . . . . . . . .	L Near	 000003DA _TEXT	
  StringsMatch . . . . . . . . .	L Near	 000003E6 _TEXT	
  NotEqual . . . . . . . . . . .	L Near	 000003ED _TEXT	
Str_compare  . . . . . . . . . .	P Near	 00000000 FLAT	Length= 00000000 External STDCALL
Str_copy . . . . . . . . . . . .	P Near	 00000000 FLAT	Length= 00000000 External STDCALL
Str_length . . . . . . . . . . .	P Near	 00000000 FLAT	Length= 00000000 External STDCALL
Str_trim . . . . . . . . . . . .	P Near	 00000000 FLAT	Length= 00000000 External STDCALL
Str_ucase  . . . . . . . . . . .	P Near	 00000000 FLAT	Length= 00000000 External STDCALL
SystemTimeToFileTime . . . . . .	P Near	 00000000 FLAT	Length= 00000000 External STDCALL
WaitMsg  . . . . . . . . . . . .	P Near	 00000000 FLAT	Length= 00000000 External STDCALL
WriteBinB  . . . . . . . . . . .	P Near	 00000000 FLAT	Length= 00000000 External STDCALL
WriteBin . . . . . . . . . . . .	P Near	 00000000 FLAT	Length= 00000000 External STDCALL
WriteChar  . . . . . . . . . . .	P Near	 00000000 FLAT	Length= 00000000 External STDCALL
WriteConsoleA  . . . . . . . . .	P Near	 00000000 FLAT	Length= 00000000 External STDCALL
WriteConsoleOutputAttribute  . .	P Near	 00000000 FLAT	Length= 00000000 External STDCALL
WriteConsoleOutputCharacterA . .	P Near	 00000000 FLAT	Length= 00000000 External STDCALL
WriteDec . . . . . . . . . . . .	P Near	 00000000 FLAT	Length= 00000000 External STDCALL
WriteFile  . . . . . . . . . . .	P Near	 00000000 FLAT	Length= 00000000 External STDCALL
WriteFloat . . . . . . . . . . .	P Near	 00000000 FLAT	Length= 00000000 External STDCALL
WriteHexB  . . . . . . . . . . .	P Near	 00000000 FLAT	Length= 00000000 External STDCALL
WriteHex . . . . . . . . . . . .	P Near	 00000000 FLAT	Length= 00000000 External STDCALL
WriteInt . . . . . . . . . . . .	P Near	 00000000 FLAT	Length= 00000000 External STDCALL
WriteStackFrameName  . . . . . .	P Near	 00000000 FLAT	Length= 00000000 External STDCALL
WriteStackFrame  . . . . . . . .	P Near	 00000000 FLAT	Length= 00000000 External STDCALL
WriteString  . . . . . . . . . .	P Near	 00000000 FLAT	Length= 00000000 External STDCALL
WriteToFile  . . . . . . . . . .	P Near	 00000000 FLAT	Length= 00000000 External STDCALL
WriteWindowsMsg  . . . . . . . .	P Near	 00000000 FLAT	Length= 00000000 External STDCALL
main . . . . . . . . . . . . . .	P Near	 00000000 _TEXT	Length= 0000001B Public STDCALL
printf . . . . . . . . . . . . .	P Near	 00000000 FLAT	Length= 00000000 External C
scanf  . . . . . . . . . . . . .	P Near	 00000000 FLAT	Length= 00000000 External C
wsprintfA  . . . . . . . . . . .	P Near	 00000000 FLAT	Length= 00000000 External C


Symbols:

                N a m e                 Type     Value    Attr

@CodeSize  . . . . . . . . . . .	Number	 00000000h   
@DataSize  . . . . . . . . . . .	Number	 00000000h   
@Interface . . . . . . . . . . .	Number	 00000003h   
@Model . . . . . . . . . . . . .	Number	 00000007h   
@code  . . . . . . . . . . . . .	Text   	 _TEXT
@data  . . . . . . . . . . . . .	Text   	 FLAT
@fardata?  . . . . . . . . . . .	Text   	 FLAT
@fardata . . . . . . . . . . . .	Text   	 FLAT
@stack . . . . . . . . . . . . .	Text   	 FLAT
ALT_MASK . . . . . . . . . . . .	Number	 00000003h   
BOT_ROW  . . . . . . . . . . . .	Number	 0000000Fh   
BOX_HEIGHT . . . . . . . . . . .	Number	 0000000Eh   
BOX_LEFT . . . . . . . . . . . .	Number	 00000005h   
BOX_TOP  . . . . . . . . . . . .	Number	 00000002h   
BOX_WIDTH  . . . . . . . . . . .	Number	 00000032h   
CAPSLOCK_ON  . . . . . . . . . .	Number	 00000080h   
CLR_BORDER . . . . . . . . . . .	Number	 0000000Bh   
CLR_DIMMED . . . . . . . . . . .	Number	 00000008h   
CLR_HIT  . . . . . . . . . . . .	Number	 0000000Ah   
CLR_LIVES  . . . . . . . . . . .	Number	 0000000Ch   
CLR_LOSE . . . . . . . . . . . .	Number	 0000000Ch   
CLR_MISS . . . . . . . . . . . .	Number	 0000000Ch   
CLR_NORMAL . . . . . . . . . . .	Number	 00000007h   
CLR_PROMPT . . . . . . . . . . .	Number	 0000000Eh   
CLR_TITLE  . . . . . . . . . . .	Number	 0000000Eh   
CLR_USED . . . . . . . . . . . .	Number	 0000000Dh   
CLR_WIN  . . . . . . . . . . . .	Number	 0000000Ah   
CLR_WORD . . . . . . . . . . . .	Number	 0000000Fh   
CREATE_ALWAYS  . . . . . . . . .	Number	 00000002h   
CREATE_NEW . . . . . . . . . . .	Number	 00000001h   
CTRL_MASK  . . . . . . . . . . .	Number	 0000000Ch   
CreateFile . . . . . . . . . . .	Text   	 CreateFileA
DIV1_ROW . . . . . . . . . . . .	Number	 00000004h   
DIV2_ROW . . . . . . . . . . . .	Number	 00000006h   
DIV3_ROW . . . . . . . . . . . .	Number	 00000008h   
DIV4_ROW . . . . . . . . . . . .	Number	 0000000Bh   
DO_NOT_SHARE . . . . . . . . . .	Number	 00000000h   
ENABLE_ECHO_INPUT  . . . . . . .	Number	 00000004h   
ENABLE_LINE_INPUT  . . . . . . .	Number	 00000002h   
ENABLE_MOUSE_INPUT . . . . . . .	Number	 00000010h   
ENABLE_PROCESSED_INPUT . . . . .	Number	 00000001h   
ENABLE_PROCESSED_OUTPUT  . . . .	Number	 00000001h   
ENABLE_WINDOW_INPUT  . . . . . .	Number	 00000008h   
ENABLE_WRAP_AT_EOL_OUTPUT  . . .	Number	 00000002h   
ENHANCED_KEY . . . . . . . . . .	Number	 00000100h   
FALSE  . . . . . . . . . . . . .	Number	 00000000h   
FILE_APPEND_DATA . . . . . . . .	Number	 00000004h   
FILE_ATTRIBUTE_ARCHIVE . . . . .	Number	 00000020h   
FILE_ATTRIBUTE_COMPRESSED  . . .	Number	 00000800h   
FILE_ATTRIBUTE_DEVICE  . . . . .	Number	 00000040h   
FILE_ATTRIBUTE_DIRECTORY . . . .	Number	 00000010h   
FILE_ATTRIBUTE_ENCRYPTED . . . .	Number	 00004000h   
FILE_ATTRIBUTE_HIDDEN  . . . . .	Number	 00000002h   
FILE_ATTRIBUTE_NORMAL  . . . . .	Number	 00000080h   
FILE_ATTRIBUTE_NOT_CONTENT_INDEXED .	Number	 00002000h   
FILE_ATTRIBUTE_OFFLINE . . . . .	Number	 00001000h   
FILE_ATTRIBUTE_READONLY  . . . .	Number	 00000001h   
FILE_ATTRIBUTE_REPARSE_POINT . .	Number	 00000400h   
FILE_ATTRIBUTE_SPARSE_FILE . . .	Number	 00000200h   
FILE_ATTRIBUTE_SYSTEM  . . . . .	Number	 00000004h   
FILE_ATTRIBUTE_TEMPORARY . . . .	Number	 00000100h   
FILE_BEGIN . . . . . . . . . . .	Number	 00000000h   
FILE_CURRENT . . . . . . . . . .	Number	 00000001h   
FILE_DELETE_CHILD  . . . . . . .	Number	 00000040h   
FILE_END . . . . . . . . . . . .	Number	 00000002h   
FILE_READ_DATA . . . . . . . . .	Number	 00000001h   
FILE_SHARE_DELETE  . . . . . . .	Number	 00000004h   
FILE_SHARE_READ  . . . . . . . .	Number	 00000001h   
FILE_SHARE_WRITE . . . . . . . .	Number	 00000002h   
FILE_WRITE_DATA  . . . . . . . .	Number	 00000002h   
FOCUS_EVENT  . . . . . . . . . .	Number	 00000010h   
FORMAT_MESSAGE_ALLOCATE_BUFFER .	Number	 00000100h   
FORMAT_MESSAGE_FROM_SYSTEM . . .	Number	 00001000h   
FormatMessage  . . . . . . . . .	Text   	 FormatMessageA
GENERIC_ALL  . . . . . . . . . .	Number	 10000000h   
GENERIC_EXECUTE  . . . . . . . .	Number	 20000000h   
GENERIC_READ . . . . . . . . . .	Number	 -80000000h   
GENERIC_WRITE  . . . . . . . . .	Number	 40000000h   
GetCommandLine . . . . . . . . .	Text   	 GetCommandLineA
HANDLE . . . . . . . . . . . . .	Text   	 DWORD
HEAP_GENERATE_EXCEPTIONS . . . .	Number	 00000004h   
HEAP_GROWABLE  . . . . . . . . .	Number	 00000002h   
HEAP_NO_SERIALIZE  . . . . . . .	Number	 00000001h   
HEAP_REALLOC_IN_PLACE_ONLY . . .	Number	 00000010h   
HEAP_ZERO_MEMORY . . . . . . . .	Number	 00000008h   
IDABORT  . . . . . . . . . . . .	Number	 00000003h   
IDCANCEL . . . . . . . . . . . .	Number	 00000002h   
IDCLOSE  . . . . . . . . . . . .	Number	 00000008h   
IDCONTINUE . . . . . . . . . . .	Number	 0000000Bh   
IDHELP . . . . . . . . . . . . .	Number	 00000009h   
IDIGNORE . . . . . . . . . . . .	Number	 00000005h   
IDNO . . . . . . . . . . . . . .	Number	 00000007h   
IDOK . . . . . . . . . . . . . .	Number	 00000001h   
IDRETRY  . . . . . . . . . . . .	Number	 00000004h   
IDTIMEOUT  . . . . . . . . . . .	Number	 00007D00h   
IDTRYAGAIN . . . . . . . . . . .	Number	 0000000Ah   
IDYES  . . . . . . . . . . . . .	Number	 00000006h   
INNER_LEFT . . . . . . . . . . .	Number	 00000007h   
INPUT_ROW  . . . . . . . . . . .	Number	 00000009h   
INVALID_HANDLE_VALUE . . . . . .	Number	 -00000001h   
KBDOWN_FLAG  . . . . . . . . . .	Number	 00000001h   
KEY_EVENT  . . . . . . . . . . .	Number	 00000001h   
KEY_MASKS  . . . . . . . . . . .	Number	 0000001Fh   
LEFT_ALT_PRESSED . . . . . . . .	Number	 00000002h   
LEFT_CTRL_PRESSED  . . . . . . .	Number	 00000008h   
LIVES_ROW  . . . . . . . . . . .	Number	 00000007h   
MB_ABORTRETRYIGNORE  . . . . . .	Number	 00000002h   
MB_APPLMODAL . . . . . . . . . .	Number	 00000000h   
MB_CANCELTRYCONTINUE . . . . . .	Number	 00000006h   
MB_DEFBUTTON1  . . . . . . . . .	Number	 00000000h   
MB_DEFBUTTON2  . . . . . . . . .	Number	 00000100h   
MB_DEFBUTTON3  . . . . . . . . .	Number	 00000200h   
MB_DEFBUTTON4  . . . . . . . . .	Number	 00000300h   
MB_HELP  . . . . . . . . . . . .	Number	 00004000h   
MB_ICONASTERISK  . . . . . . . .	Number	 00000040h   
MB_ICONERROR . . . . . . . . . .	Number	 00000010h   
MB_ICONEXCLAMATION . . . . . . .	Number	 00000030h   
MB_ICONHAND  . . . . . . . . . .	Number	 00000010h   
MB_ICONINFORMATION . . . . . . .	Number	 00000040h   
MB_ICONQUESTION  . . . . . . . .	Number	 00000020h   
MB_ICONSTOP  . . . . . . . . . .	Number	 00000010h   
MB_ICONWARNING . . . . . . . . .	Number	 00000030h   
MB_OKCANCEL  . . . . . . . . . .	Number	 00000001h   
MB_OK  . . . . . . . . . . . . .	Number	 00000000h   
MB_RETRYCANCEL . . . . . . . . .	Number	 00000005h   
MB_SYSTEMMODAL . . . . . . . . .	Number	 00001000h   
MB_TASKMODAL . . . . . . . . . .	Number	 00002000h   
MB_USERICON  . . . . . . . . . .	Number	 00000080h   
MB_YESNOCANCEL . . . . . . . . .	Number	 00000003h   
MB_YESNO . . . . . . . . . . . .	Number	 00000004h   
MENU_EVENT . . . . . . . . . . .	Number	 00000008h   
MOUSE_EVENT  . . . . . . . . . .	Number	 00000002h   
MessageBox . . . . . . . . . . .	Text   	 MessageBoxA
NULL . . . . . . . . . . . . . .	Number	 00000000h   
NUMLOCK_ON . . . . . . . . . . .	Number	 00000020h   
OPEN_ALWAYS  . . . . . . . . . .	Number	 00000004h   
OPEN_EXISTING  . . . . . . . . .	Number	 00000003h   
PeekConsoleInput . . . . . . . .	Text   	 PeekConsoleInputA
RIGHT_ALT_PRESSED  . . . . . . .	Number	 00000001h   
RIGHT_CTRL_PRESSED . . . . . . .	Number	 00000004h   
ReadConsoleInput . . . . . . . .	Text   	 ReadConsoleInputA
ReadConsole  . . . . . . . . . .	Text   	 ReadConsoleA
SCROLLLOCK_ON  . . . . . . . . .	Number	 00000040h   
SHIFT_MASK . . . . . . . . . . .	Number	 00000010h   
SHIFT_PRESSED  . . . . . . . . .	Number	 00000010h   
STATUS_ROW . . . . . . . . . . .	Number	 0000000Ah   
STD_ERROR_HANDLE . . . . . . . .	Number	 -0000000Ch   
STD_INPUT_HANDLE . . . . . . . .	Number	 -0000000Ah   
STD_OUTPUT_HANDLE  . . . . . . .	Number	 -0000000Bh   
SetConsoleTitle  . . . . . . . .	Text   	 SetConsoleTitleA
TAB  . . . . . . . . . . . . . .	Number	 00000009h   
TITLE_ROW  . . . . . . . . . . .	Number	 00000003h   
TRUE . . . . . . . . . . . . . .	Number	 00000001h   
TRUNCATE_EXISTING  . . . . . . .	Number	 00000005h   
USED_ROW . . . . . . . . . . . .	Number	 0000000Ch   
VK_11  . . . . . . . . . . . . .	Number	 000000BDh   
VK_12  . . . . . . . . . . . . .	Number	 000000BBh   
VK_ADD . . . . . . . . . . . . .	Number	 0000006Bh   
VK_BACK  . . . . . . . . . . . .	Number	 00000008h   
VK_CANCEL  . . . . . . . . . . .	Number	 00000003h   
VK_CAPITAL . . . . . . . . . . .	Number	 00000014h   
VK_CLEAR . . . . . . . . . . . .	Number	 0000000Ch   
VK_CONTROL . . . . . . . . . . .	Number	 00000011h   
VK_DECIMAL . . . . . . . . . . .	Number	 0000006Eh   
VK_DELETE  . . . . . . . . . . .	Number	 0000002Eh   
VK_DIVIDE  . . . . . . . . . . .	Number	 0000006Fh   
VK_DOWN  . . . . . . . . . . . .	Number	 00000028h   
VK_END . . . . . . . . . . . . .	Number	 00000023h   
VK_ESCAPE  . . . . . . . . . . .	Number	 0000001Bh   
VK_EXECUTE . . . . . . . . . . .	Number	 0000002Bh   
VK_F10 . . . . . . . . . . . . .	Number	 00000079h   
VK_F11 . . . . . . . . . . . . .	Number	 0000007Ah   
VK_F12 . . . . . . . . . . . . .	Number	 0000007Bh   
VK_F13 . . . . . . . . . . . . .	Number	 0000007Ch   
VK_F14 . . . . . . . . . . . . .	Number	 0000007Dh   
VK_F15 . . . . . . . . . . . . .	Number	 0000007Eh   
VK_F16 . . . . . . . . . . . . .	Number	 0000007Fh   
VK_F17 . . . . . . . . . . . . .	Number	 00000080h   
VK_F18 . . . . . . . . . . . . .	Number	 00000081h   
VK_F19 . . . . . . . . . . . . .	Number	 00000082h   
VK_F1  . . . . . . . . . . . . .	Number	 00000070h   
VK_F20 . . . . . . . . . . . . .	Number	 00000083h   
VK_F21 . . . . . . . . . . . . .	Number	 00000084h   
VK_F22 . . . . . . . . . . . . .	Number	 00000085h   
VK_F23 . . . . . . . . . . . . .	Number	 00000086h   
VK_F24 . . . . . . . . . . . . .	Number	 00000087h   
VK_F2  . . . . . . . . . . . . .	Number	 00000071h   
VK_F3  . . . . . . . . . . . . .	Number	 00000072h   
VK_F4  . . . . . . . . . . . . .	Number	 00000073h   
VK_F5  . . . . . . . . . . . . .	Number	 00000074h   
VK_F6  . . . . . . . . . . . . .	Number	 00000075h   
VK_F7  . . . . . . . . . . . . .	Number	 00000076h   
VK_F8  . . . . . . . . . . . . .	Number	 00000077h   
VK_F9  . . . . . . . . . . . . .	Number	 00000078h   
VK_HELP  . . . . . . . . . . . .	Number	 0000002Fh   
VK_HOME  . . . . . . . . . . . .	Number	 00000024h   
VK_INSERT  . . . . . . . . . . .	Number	 0000002Dh   
VK_LBUTTON . . . . . . . . . . .	Number	 00000001h   
VK_LCONTROL  . . . . . . . . . .	Number	 000000A2h   
VK_LEFT  . . . . . . . . . . . .	Number	 00000025h   
VK_LMENU . . . . . . . . . . . .	Number	 000000A4h   
VK_LSHIFT  . . . . . . . . . . .	Number	 000000A0h   
VK_MENU  . . . . . . . . . . . .	Number	 00000012h   
VK_MULTIPLY  . . . . . . . . . .	Number	 0000006Ah   
VK_NEXT  . . . . . . . . . . . .	Number	 00000022h   
VK_NUMLOCK . . . . . . . . . . .	Number	 00000090h   
VK_NUMPAD0 . . . . . . . . . . .	Number	 00000060h   
VK_NUMPAD1 . . . . . . . . . . .	Number	 00000061h   
VK_NUMPAD2 . . . . . . . . . . .	Number	 00000062h   
VK_NUMPAD3 . . . . . . . . . . .	Number	 00000063h   
VK_NUMPAD4 . . . . . . . . . . .	Number	 00000064h   
VK_NUMPAD5 . . . . . . . . . . .	Number	 00000065h   
VK_NUMPAD6 . . . . . . . . . . .	Number	 00000066h   
VK_NUMPAD7 . . . . . . . . . . .	Number	 00000067h   
VK_NUMPAD8 . . . . . . . . . . .	Number	 00000068h   
VK_NUMPAD9 . . . . . . . . . . .	Number	 00000069h   
VK_PAUSE . . . . . . . . . . . .	Number	 00000013h   
VK_PRINT . . . . . . . . . . . .	Number	 0000002Ah   
VK_PRIOR . . . . . . . . . . . .	Number	 00000021h   
VK_RBUTTON . . . . . . . . . . .	Number	 00000002h   
VK_RCONTROL  . . . . . . . . . .	Number	 000000A3h   
VK_RETURN  . . . . . . . . . . .	Number	 0000000Dh   
VK_RIGHT . . . . . . . . . . . .	Number	 00000027h   
VK_RMENU . . . . . . . . . . . .	Number	 000000A5h   
VK_RSHIFT  . . . . . . . . . . .	Number	 000000A1h   
VK_SCROLL  . . . . . . . . . . .	Number	 00000091h   
VK_SEPARATER . . . . . . . . . .	Number	 0000006Ch   
VK_SHIFT . . . . . . . . . . . .	Number	 00000010h   
VK_SNAPSHOT  . . . . . . . . . .	Number	 0000002Ch   
VK_SPACE . . . . . . . . . . . .	Number	 00000020h   
VK_SUBTRACT  . . . . . . . . . .	Number	 0000006Dh   
VK_TAB . . . . . . . . . . . . .	Number	 00000009h   
VK_UP  . . . . . . . . . . . . .	Number	 00000026h   
WINDOW_BUFFER_SIZE_EVENT . . . .	Number	 00000004h   
WORD_ROW . . . . . . . . . . . .	Number	 00000005h   
WriteConsoleOutputCharacter  . .	Text   	 WriteConsoleOutputCharacterA
WriteConsole . . . . . . . . . .	Text   	 WriteConsoleA
answerLbl  . . . . . . . . . . .	Byte	 00001F01 _DATA	
black  . . . . . . . . . . . . .	Number	 00000000h   
blankLine30  . . . . . . . . . .	Byte	 00001F16 _DATA	
blankLine46  . . . . . . . . . .	Byte	 00001F3D _DATA	
blue . . . . . . . . . . . . . .	Number	 00000001h   
brown  . . . . . . . . . . . . .	Number	 00000006h   
bytes_read . . . . . . . . . . .	DWord	 00001523 _DATA	
correct_word . . . . . . . . . .	Byte	 000015C0 _DATA	
current_line . . . . . . . . . .	DWord	 0000151A _DATA	
cyan . . . . . . . . . . . . . .	Number	 00000003h   
databaseName . . . . . . . . . .	Byte	 00000000 _DATA	
dupMsg2  . . . . . . . . . . . .	Byte	 00001F6C _DATA	
exit . . . . . . . . . . . . . .	Text   	 INVOKE ExitProcess,0
file_buffer  . . . . . . . . . .	Byte	 00000516 _DATA	
file_handle  . . . . . . . . . .	DWord	 0000151F _DATA	
filename_copy  . . . . . . . . .	Byte	 00000016 _DATA	
finalLbl . . . . . . . . . . . .	Byte	 00001E64 _DATA	
gray . . . . . . . . . . . . . .	Number	 00000008h   
green  . . . . . . . . . . . . .	Number	 00000002h   
guessed_char . . . . . . . . . .	Byte	 00001E25 _DATA	
guesses_left . . . . . . . . . .	DWord	 00001DDD _DATA	
hitMsg2  . . . . . . . . . . . .	Byte	 00001E82 _DATA	
inputLbl . . . . . . . . . . . .	Byte	 00001E53 _DATA	
is_copying . . . . . . . . . . .	Byte	 0000151E _DATA	
lightBlue  . . . . . . . . . . .	Number	 00000009h   
lightCyan  . . . . . . . . . . .	Number	 0000000Bh   
lightGray  . . . . . . . . . . .	Number	 00000007h   
lightGreen . . . . . . . . . . .	Number	 0000000Ah   
lightMagenta . . . . . . . . . .	Number	 0000000Dh   
lightRed . . . . . . . . . . . .	Number	 0000000Ch   
line_buffer  . . . . . . . . . .	Byte	 00000116 _DATA	
livesLbl . . . . . . . . . . . .	Byte	 00001E4B _DATA	
loseMsg2 . . . . . . . . . . . .	Byte	 00001EE0 _DATA	
magenta  . . . . . . . . . . . .	Number	 00000005h   
mask_buffer  . . . . . . . . . .	Byte	 000015DD _DATA	
missMsg2 . . . . . . . . . . . .	Byte	 00001EA0 _DATA	
msg_hit  . . . . . . . . . . . .	Byte	 0000156B _DATA	
msg_lose . . . . . . . . . . . .	Byte	 000015A8 _DATA	
msg_miss . . . . . . . . . . . .	Byte	 0000157D _DATA	
msg_win  . . . . . . . . . . . .	Byte	 00001591 _DATA	
prompt_char  . . . . . . . . . .	Byte	 00001527 _DATA	
prompt_final . . . . . . . . . .	Byte	 00001547 _DATA	
red  . . . . . . . . . . . . . .	Number	 00000004h   
space  . . . . . . . . . . . . .	Byte	 000015DB _DATA	
target_line  . . . . . . . . . .	DWord	 00001516 _DATA	
titleStr . . . . . . . . . . . .	Byte	 00001E26 _DATA	
usedLbl  . . . . . . . . . . . .	Byte	 00001F35 _DATA	
used_count . . . . . . . . . . .	DWord	 00001E21 _DATA	
used_letters . . . . . . . . . .	Byte	 00001DE1 _DATA	
user_input . . . . . . . . . . .	Byte	 000019DD _DATA	
white  . . . . . . . . . . . . .	Number	 0000000Fh   
winMsg2  . . . . . . . . . . . .	Byte	 00001EBF _DATA	
wordLbl  . . . . . . . . . . . .	Byte	 00001E43 _DATA	
wsprintf . . . . . . . . . . . .	Text   	 wsprintfA
yellow . . . . . . . . . . . . .	Number	 0000000Eh   

	   0 Warnings
	   0 Errors
